/yolo/in.txt content=mmap ftw!
/yolo/out.txt content=written mmap
/yolo/private.txt content=
