*32780,32522,258*
*258,2*
*32780,32999,-219*
*65317,510*