OK: 1/1/2000 (6th DoW, 0th DoY)
OK: 3/3/2000 (5th DoW, 62th DoY)
OK: 9/9/1999 (4th DoW, 251th DoY)
OK: 5/2/1999 (0th DoW, 121th DoY)
OK: 5/21/2001 (1th DoW, 140th DoY)
OK: 1/27/2006 (5th DoW, 26th DoY)
OK: 5/21/2001 (1th DoW, 140th DoY)
OK: 7/24/2013 (3th DoW, 204th DoY)
OK: 1/1/2000 (6th DoW, 0th DoY)
OK: 1/1/2000 (6th DoW, 0th DoY)
OK: 5/1/2001 (2th DoW, 120th DoY)
OK: 2/22/2001 (4th DoW, 52th DoY)
