1.0 2.0 -1.0 -2.0 2.0 3.0 -2.0 -3.0 1 2 -1 -2 2 2 -2 -2 
3.141593 = 3.000000 + 0.141593 
-3.141593 = -3.000000 + -0.141593 
1.0 2.0 -1.0 -2.0 2.0 3.0 -2.0 -3.0 
