1floats! 6, 12, 20, 30   42, 56, 72, 90
2floats! 48, 68, 92, 120   42, 56, 72, 90
3floats! 48, 68, 92, 120   2016, 3808, 6624, 10800
zeros 0, 0, 0, 0
4ints! 1086324736, 1094713344, 1101004800, 1106247680   1109917696, 1113587712, 1116733440, 1119092736
5ints! -2098724864, -2086666240, -2077229056, -2069626880   -23592960, -18874368, -15728640, -12845056
5intops! 36175872, 35651584, 34603008, 33816576   48758784, 52428800, 53477376, 54788096
6floats! -9, 0, 4, 9   -2, -12, 14, 10
