strftime test #1: 1
strftime test #2: 1
strftime test #3: 1
strftime test #4: 1
strftime test #5: 1
strftime test #6: 1
strftime test #7: 1
strftime test #8: 1
strftime test #9: 1
strftime test #10: 1
strftime test #11: 1
strftime test #12: 1
strftime test #13: 1
strftime test #14: 1
strftime test #15: 1
strftime test #16: 1
strftime test #17: 1
strftime test #18: 1
strftime test #19: 1
strftime test #20: 1
strftime test #21: 1
strftime test #22: 1
strftime test #23: 1
strftime test #24: 1
strftime test #25: 1
strftime test #26: 1
strftime test #27: 1
strftime test #28: 1
strftime test #29: 1
strftime zone test #1: 1
strftime zone test #2: 1
strftime zone test #3: 1
strftime zone test #4: 1
strftime test #32: 1
strftime test #33: 1
strftime test #34: 1
strftime test #35: 1
