v: -1.500000 2.500000
w: 1.500000 1.500000
emscripten_float64x2_add(v, w): 0.000000 4.000000
emscripten_float64x2_sub(v, w): -3.000000 1.000000
emscripten_float64x2_mul(v, w): -2.250000 3.750000
emscripten_float64x2_div(v, w): -1.000000 1.666667
emscripten_float64x2_max(v, w): 1.500000 2.500000
emscripten_float64x2_min(v, w): -1.500000 1.500000
emscripten_float64x2_maxNum(v, w): 1.500000 2.500000
emscripten_float64x2_minNum(v, w): -1.500000 1.500000
emscripten_float64x2_neg(v): 1.500000 -2.500000
emscripten_float64x2_sqrt(v): nan 1.581139
emscripten_float64x2_abs(v): 1.500000 2.500000
emscripten_float64x2_and(v, w): 1.500000 0.000000
emscripten_float64x2_xor(v, w): -0.000000 nan
emscripten_float64x2_or(v, w): -1.500000 nan
emscripten_float64x2_not(v): 3.000000 -1.750000
emscripten_float64x2_lessThan(v, w): nan 0.000000
emscripten_float64x2_lessThanOrEqual(v, w): nan 0.000000
emscripten_float64x2_greaterThan(v, w): 0.000000 nan
emscripten_float64x2_greaterThanOrEqual(v, w): 0.000000 nan
emscripten_float64x2_equal(v, w): 0.000000 0.000000
emscripten_float64x2_notEqual(v, w): nan nan
emscripten_float64x2_replaceLane(v, 0, 9.f): 9.000000 2.500000
emscripten_float64x2_replaceLane(v, 1, -3.f): -1.500000 -3.000000
emscripten_float64x2_store: 00 00 00 00 00 00 F8 BF 00 00 00 00 00 00 04 40
emscripten_float64x2_store1: 00 00 00 00 00 00 F8 BF FF FF FF FF FF FF FF FF
emscripten_float64x2_load(bytes): -1.500000 2.500000
emscripten_float64x2_load1(bytes): -1.500000 0.000000
emscripten_float64x2_swizzle(v, 0, 1): -1.500000 2.500000
emscripten_float64x2_swizzle(v, 1, 0): 2.500000 -1.500000
emscripten_float64x2_swizzle(v, 0, 0): -1.500000 -1.500000
emscripten_float64x2_swizzle(v, 1, 1): 2.500000 2.500000
z: -5.500000 20.500000
emscripten_float64x2_shuffle(v, z, 0, 0): -1.500000 -1.500000
emscripten_float64x2_shuffle(v, z, 2, 2): -5.500000 -5.500000
emscripten_float64x2_shuffle(v, z, 3, 3): 20.500000 20.500000
emscripten_float64x2_shuffle(v, z, 0, 2): -1.500000 -5.500000
emscripten_float64x2_shuffle(v, z, 3, 1): 20.500000 2.500000
Done!