4:10,177,543,def
4
wowie
too
76
5
(null)
/* a comment */
// another
test
waka ....e 1 O...wo 2 T................................
cat |umber one top notchfi FI FO FUM WHEN WHERE WHY HOW WHO|
returned |umber one top notchfi FI FO FUM WHEN WHERE WHY HOW WHO|