<Domain error>
<Resource temporarily unavailable>
<34>
<123>
