*3.14,-3.14,1,0,0,0,1,0,1,1,0,2,3,-1,-2,-1,2,1,-2,0.2,3.0,-0.2,-3.0,0.2,3.0,-0.2,-3.0,0.0,1.0,0.0,1.0,0.9,0.5*