*
number,5
number,3.14
string,hello world
12
undefined
14.56
undefined
cheez
undefined
arr-ay
undefined
more
number,10
650
number,21
*
5
atr
10
bret
53
*
stack is ok.
stack is ok.
